[     143ms] [INFO] %cDownload the React DevTools for a better development experience: https://react.dev/link/react-devtools font-weight:bold @ http://localhost:8085/assets/index-CFAt8dW9.js:226
[     145ms] [LOG] [auth] fetchCurrentUser: storedUser = null @ http://localhost:8085/assets/index-CFAt8dW9.js:235
[     148ms] [ERROR] Failed to load resource: the server responded with a status of 401 (Unauthorized) @ http://localhost:8085/api/auth/verify-session:0
[     169ms] [LOG] [AuthGuard] already initialized, isAuth = false @ http://localhost:8085/assets/index-CFAt8dW9.js:235
[     269ms] [VERBOSE] [DOM] Input elements should have autocomplete attributes (suggested: "current-password"): (More info: https://goo.gl/9p2vKq) %o @ http://localhost:8085/login:0
[   50506ms] [INFO] %cDownload the React DevTools for a better development experience: https://react.dev/link/react-devtools font-weight:bold @ http://localhost:8085/assets/index-CFAt8dW9.js:226
[   50508ms] [LOG] [auth] fetchCurrentUser: storedUser = {id: 3348a247-0672-4906-a4bc-f034d2d7cc80, email: admin@otqueue.local, name: Admin, role: admin, passwordChangeRequired: true} @ http://localhost:8085/assets/index-CFAt8dW9.js:235
[   50526ms] [LOG] [AuthGuard] already initialized, isAuth = true @ http://localhost:8085/assets/index-CFAt8dW9.js:235
[   50626ms] [VERBOSE] [DOM] Input elements should have autocomplete attributes (suggested: "current-password"): (More info: https://goo.gl/9p2vKq) %o @ http://localhost:8085/change-password:0
[   50626ms] [VERBOSE] [DOM] Input elements should have autocomplete attributes (suggested: "new-password"): (More info: https://goo.gl/9p2vKq) %o @ http://localhost:8085/change-password:0
[   50626ms] [VERBOSE] [DOM] Input elements should have autocomplete attributes (suggested: "new-password"): (More info: https://goo.gl/9p2vKq) %o @ http://localhost:8085/change-password:0
[  123910ms] [ERROR] Failed to load resource: the server responded with a status of 401 (Unauthorized) @ http://localhost:8085/api/auth/change-password:0
[  123910ms] [ERROR] Change password error: ApiError: HTTP 401 Unauthorized: Authentication required
    at He (http://localhost:8085/assets/index-CFAt8dW9.js:236:67090)
    at async j (http://localhost:8085/assets/index-CFAt8dW9.js:288:151038) @ http://localhost:8085/assets/index-CFAt8dW9.js:287
[  589797ms] [INFO] %cDownload the React DevTools for a better development experience: https://react.dev/link/react-devtools font-weight:bold @ http://localhost:8085/assets/index-CFAt8dW9.js:226
[  589799ms] [LOG] [auth] fetchCurrentUser: storedUser = null @ http://localhost:8085/assets/index-CFAt8dW9.js:235
[  589800ms] [ERROR] Failed to load resource: the server responded with a status of 401 (Unauthorized) @ http://localhost:8085/api/auth/verify-session:0
[  589807ms] [LOG] [AuthGuard] already initialized, isAuth = false @ http://localhost:8085/assets/index-CFAt8dW9.js:235
[  589821ms] [VERBOSE] [DOM] Input elements should have autocomplete attributes (suggested: "current-password"): (More info: https://goo.gl/9p2vKq) %o @ http://localhost:8085/login:0
[  589916ms] [INFO] %cDownload the React DevTools for a better development experience: https://react.dev/link/react-devtools font-weight:bold @ http://localhost:8085/assets/index-CFAt8dW9.js:226
[  589917ms] [LOG] [auth] fetchCurrentUser: storedUser = {id: 3348a247-0672-4906-a4bc-f034d2d7cc80, email: admin@otqueue.local, name: Admin, role: admin, passwordChangeRequired: true} @ http://localhost:8085/assets/index-CFAt8dW9.js:235
[  589925ms] [LOG] [AuthGuard] already initialized, isAuth = true @ http://localhost:8085/assets/index-CFAt8dW9.js:235
[  590025ms] [VERBOSE] [DOM] Input elements should have autocomplete attributes (suggested: "current-password"): (More info: https://goo.gl/9p2vKq) %o @ http://localhost:8085/change-password:0
[  590025ms] [VERBOSE] [DOM] Input elements should have autocomplete attributes (suggested: "new-password"): (More info: https://goo.gl/9p2vKq) %o @ http://localhost:8085/change-password:0
[  590025ms] [VERBOSE] [DOM] Input elements should have autocomplete attributes (suggested: "new-password"): (More info: https://goo.gl/9p2vKq) %o @ http://localhost:8085/change-password:0
[  641951ms] [ERROR] Failed to load resource: the server responded with a status of 401 (Unauthorized) @ http://localhost:8085/api/auth/change-password:0
[  641951ms] [ERROR] Change password error: ApiError: HTTP 401 Unauthorized: Authentication required
    at He (http://localhost:8085/assets/index-CFAt8dW9.js:236:67090)
    at async j (http://localhost:8085/assets/index-CFAt8dW9.js:288:151038) @ http://localhost:8085/assets/index-CFAt8dW9.js:287
