[     134ms] [INFO] %cDownload the React DevTools for a better development experience: https://react.dev/link/react-devtools font-weight:bold @ http://localhost:8085/assets/index-CFAt8dW9.js:226
[     138ms] [LOG] [auth] fetchCurrentUser: storedUser = null @ http://localhost:8085/assets/index-CFAt8dW9.js:235
[     430ms] [ERROR] Failed to load resource: the server responded with a status of 401 (Unauthorized) @ http://localhost:8085/api/auth/verify-session:0
[     456ms] [LOG] [AuthGuard] already initialized, isAuth = false @ http://localhost:8085/assets/index-CFAt8dW9.js:235
[     557ms] [VERBOSE] [DOM] Input elements should have autocomplete attributes (suggested: "current-password"): (More info: https://goo.gl/9p2vKq) %o @ http://localhost:8085/login:0
[   93147ms] [INFO] %cDownload the React DevTools for a better development experience: https://react.dev/link/react-devtools font-weight:bold @ http://localhost:8085/assets/index-CFAt8dW9.js:226
[   93148ms] [LOG] [auth] fetchCurrentUser: storedUser = {id: 3348a247-0672-4906-a4bc-f034d2d7cc80, email: admin@otqueue.local, name: Admin, role: admin, passwordChangeRequired: true} @ http://localhost:8085/assets/index-CFAt8dW9.js:235
[   93167ms] [LOG] [AuthGuard] already initialized, isAuth = true @ http://localhost:8085/assets/index-CFAt8dW9.js:235
[   93267ms] [VERBOSE] [DOM] Input elements should have autocomplete attributes (suggested: "current-password"): (More info: https://goo.gl/9p2vKq) %o @ http://localhost:8085/change-password:0
[   93267ms] [VERBOSE] [DOM] Input elements should have autocomplete attributes (suggested: "new-password"): (More info: https://goo.gl/9p2vKq) %o @ http://localhost:8085/change-password:0
[   93267ms] [VERBOSE] [DOM] Input elements should have autocomplete attributes (suggested: "new-password"): (More info: https://goo.gl/9p2vKq) %o @ http://localhost:8085/change-password:0
[  327600ms] [ERROR] Failed to load resource: the server responded with a status of 401 (Unauthorized) @ http://localhost:8085/api/auth/change-password:0
[  327600ms] [ERROR] Change password error: ApiError: HTTP 401 Unauthorized: Authentication required
    at He (http://localhost:8085/assets/index-CFAt8dW9.js:236:67090)
    at async j (http://localhost:8085/assets/index-CFAt8dW9.js:288:151038) @ http://localhost:8085/assets/index-CFAt8dW9.js:287
[  367585ms] [ERROR] Failed to load resource: the server responded with a status of 401 (Unauthorized) @ http://localhost:8085/api/auth/change-password:0
[  367585ms] [ERROR] Change password error: ApiError: HTTP 401 Unauthorized: Authentication required
    at He (http://localhost:8085/assets/index-CFAt8dW9.js:236:67090)
    at async j (http://localhost:8085/assets/index-CFAt8dW9.js:288:151038) @ http://localhost:8085/assets/index-CFAt8dW9.js:287
[  417775ms] [ERROR] Failed to load resource: the server responded with a status of 401 (Unauthorized) @ http://localhost:8085/api/auth/change-password:0
[  417775ms] [ERROR] Change password error: ApiError: HTTP 401 Unauthorized: Authentication required
    at He (http://localhost:8085/assets/index-CFAt8dW9.js:236:67090)
    at async j (http://localhost:8085/assets/index-CFAt8dW9.js:288:151038) @ http://localhost:8085/assets/index-CFAt8dW9.js:287
[  716347ms] [ERROR] Failed to load resource: the server responded with a status of 401 (Unauthorized) @ http://localhost:8085/api/auth/change-password:0
[  896851ms] [ERROR] Failed to load resource: the server responded with a status of 401 (Unauthorized) @ http://localhost:8085/api/auth/change-password:0
