[     101ms] [INFO] %cDownload the React DevTools for a better development experience: https://react.dev/link/react-devtools font-weight:bold @ http://localhost:8085/assets/index-D5eCMW_D.js:226
[     106ms] [LOG] [auth] fetchCurrentUser: storedUser = null @ http://localhost:8085/assets/index-D5eCMW_D.js:275
[     619ms] [VERBOSE] [DOM] Input elements should have autocomplete attributes (suggested: "current-password"): (More info: https://goo.gl/9p2vKq) %o @ http://localhost:8085/login:0
[   86309ms] [INFO] %cDownload the React DevTools for a better development experience: https://react.dev/link/react-devtools font-weight:bold @ http://localhost:8085/assets/index-D5eCMW_D.js:226
[   86429ms] [VERBOSE] [DOM] Input elements should have autocomplete attributes (suggested: "current-password"): (More info: https://goo.gl/9p2vKq) %o @ http://localhost:8085/change-password:0
[   86429ms] [VERBOSE] [DOM] Input elements should have autocomplete attributes (suggested: "new-password"): (More info: https://goo.gl/9p2vKq) %o @ http://localhost:8085/change-password:0
[   86429ms] [VERBOSE] [DOM] Input elements should have autocomplete attributes (suggested: "new-password"): (More info: https://goo.gl/9p2vKq) %o @ http://localhost:8085/change-password:0
[  138577ms] [ERROR] React has detected a change in the order of Hooks called by %s. This will lead to bugs and errors if not fixed. For more information, read the Rules of Hooks: https://react.dev/link/rules-of-hooks

   Previous render            Next render
   ------------------------------------------------------
%s   ^^^^^^^^^^^^^^^^^^^^^^^^^^^^^^^^^^^^^^^^^^^^^^^^^^^^^^
 Kj 1. useContext                 useContext
2. useSyncExternalStore       useSyncExternalStore
3. useRef                     useRef
4. useInsertionEffect         useInsertionEffect
5. useState                   useState
6. useState                   useState
7. useState                   useState
8. useEffect                  useEffect
9. useState                   useState
10. useState                  useState
11. useState                  useState
12. useState                  useState
13. useState                  useState
14. useState                  useState
15. undefined                 useEffect
 @ http://localhost:8085/assets/index-D5eCMW_D.js:98
[  138580ms] Error: Rendered more hooks than during the previous render.
    at vt (http://localhost:8085/assets/index-D5eCMW_D.js:111:3079)
    at Rr (http://localhost:8085/assets/index-D5eCMW_D.js:111:12624)
    at Object.useEffect (http://localhost:8085/assets/index-D5eCMW_D.js:220:5055)
    at a.useEffect (http://localhost:8085/assets/index-D5eCMW_D.js:13:11227)
    at Kj (http://localhost:8085/assets/index-D5eCMW_D.js:276:58411)
    at react-stack-bottom-frame (http://localhost:8085/assets/index-D5eCMW_D.js:220:12546)
    at dh (http://localhost:8085/assets/index-D5eCMW_D.js:111:806)
    at Hh (http://localhost:8085/assets/index-D5eCMW_D.js:132:5840)
    at Kh (http://localhost:8085/assets/index-D5eCMW_D.js:141:10139)
    at Re (http://localhost:8085/assets/index-D5eCMW_D.js:36:109)
[  138580ms] [WARNING] %s

%s
 An error occurred in the <Kj> component. Consider adding an error boundary to your tree to customize error handling behavior.
Visit https://react.dev/link/error-boundaries to learn more about error boundaries. @ http://localhost:8085/assets/index-D5eCMW_D.js:117
