[      29ms] [INFO] %cDownload the React DevTools for a better development experience: https://react.dev/link/react-devtools font-weight:bold @ http://localhost:8085/assets/index-CFAt8dW9.js:226
[      30ms] [LOG] [auth] fetchCurrentUser: storedUser = null @ http://localhost:8085/assets/index-CFAt8dW9.js:235
[      32ms] [ERROR] Failed to load resource: the server responded with a status of 401 (Unauthorized) @ http://localhost:8085/api/auth/verify-session:0
[      39ms] [LOG] [AuthGuard] already initialized, isAuth = false @ http://localhost:8085/assets/index-CFAt8dW9.js:235
[     139ms] [VERBOSE] [DOM] Input elements should have autocomplete attributes (suggested: "current-password"): (More info: https://goo.gl/9p2vKq) %o @ http://localhost:8085/login:0
[   74819ms] [INFO] %cDownload the React DevTools for a better development experience: https://react.dev/link/react-devtools font-weight:bold @ http://localhost:8085/assets/index-CFAt8dW9.js:226
[   74820ms] [LOG] [auth] fetchCurrentUser: storedUser = null @ http://localhost:8085/assets/index-CFAt8dW9.js:235
[   74828ms] [ERROR] Failed to load resource: the server responded with a status of 401 (Unauthorized) @ http://localhost:8085/api/auth/verify-session:0
[   74835ms] [LOG] [AuthGuard] already initialized, isAuth = false @ http://localhost:8085/assets/index-CFAt8dW9.js:235
[  315851ms] [INFO] %cDownload the React DevTools for a better development experience: https://react.dev/link/react-devtools font-weight:bold @ http://localhost:8085/assets/index-CFAt8dW9.js:226
[  315852ms] [LOG] [auth] fetchCurrentUser: storedUser = null @ http://localhost:8085/assets/index-CFAt8dW9.js:235
[  315856ms] [ERROR] Failed to load resource: the server responded with a status of 401 (Unauthorized) @ http://localhost:8085/api/auth/verify-session:0
[  315863ms] [LOG] [AuthGuard] already initialized, isAuth = false @ http://localhost:8085/assets/index-CFAt8dW9.js:235
[  364926ms] [INFO] %cDownload the React DevTools for a better development experience: https://react.dev/link/react-devtools font-weight:bold @ http://localhost:8085/assets/index-CFAt8dW9.js:226
[  364928ms] [LOG] [auth] fetchCurrentUser: storedUser = null @ http://localhost:8085/assets/index-CFAt8dW9.js:235
[  364930ms] [ERROR] Failed to load resource: the server responded with a status of 401 (Unauthorized) @ http://localhost:8085/api/auth/verify-session:0
[  364938ms] [LOG] [AuthGuard] already initialized, isAuth = false @ http://localhost:8085/assets/index-CFAt8dW9.js:235
[  365038ms] [VERBOSE] [DOM] Input elements should have autocomplete attributes (suggested: "current-password"): (More info: https://goo.gl/9p2vKq) %o @ http://localhost:8085/login:0
[  555342ms] [INFO] %cDownload the React DevTools for a better development experience: https://react.dev/link/react-devtools font-weight:bold @ http://localhost:8085/assets/index-CFAt8dW9.js:226
[  555344ms] [LOG] [auth] fetchCurrentUser: storedUser = {id: 3348a247-0672-4906-a4bc-f034d2d7cc80, email: admin@otqueue.local, name: Admin, role: admin, passwordChangeRequired: true} @ http://localhost:8085/assets/index-CFAt8dW9.js:235
[  555353ms] [LOG] [AuthGuard] already initialized, isAuth = true @ http://localhost:8085/assets/index-CFAt8dW9.js:235
[  555453ms] [VERBOSE] [DOM] Input elements should have autocomplete attributes (suggested: "current-password"): (More info: https://goo.gl/9p2vKq) %o @ http://localhost:8085/change-password:0
[  555453ms] [VERBOSE] [DOM] Input elements should have autocomplete attributes (suggested: "new-password"): (More info: https://goo.gl/9p2vKq) %o @ http://localhost:8085/change-password:0
[  555453ms] [VERBOSE] [DOM] Input elements should have autocomplete attributes (suggested: "new-password"): (More info: https://goo.gl/9p2vKq) %o @ http://localhost:8085/change-password:0
[ 1436668ms] [INFO] %cDownload the React DevTools for a better development experience: https://react.dev/link/react-devtools font-weight:bold @ http://localhost:8085/assets/index-CFAt8dW9.js:226
[ 1436672ms] [LOG] [auth] fetchCurrentUser: storedUser = {id: 3348a247-0672-4906-a4bc-f034d2d7cc80, email: admin@otqueue.local, name: Admin, role: admin, passwordChangeRequired: true} @ http://localhost:8085/assets/index-CFAt8dW9.js:235
[ 1436686ms] [LOG] [AuthGuard] already initialized, isAuth = true @ http://localhost:8085/assets/index-CFAt8dW9.js:235
[ 1484806ms] [INFO] %cDownload the React DevTools for a better development experience: https://react.dev/link/react-devtools font-weight:bold @ http://localhost:8085/assets/index-CFAt8dW9.js:226
[ 1484808ms] [LOG] [auth] fetchCurrentUser: storedUser = null @ http://localhost:8085/assets/index-CFAt8dW9.js:235
[ 1484810ms] [ERROR] Failed to load resource: the server responded with a status of 401 (Unauthorized) @ http://localhost:8085/api/auth/verify-session:0
[ 1484816ms] [LOG] [AuthGuard] already initialized, isAuth = false @ http://localhost:8085/assets/index-CFAt8dW9.js:235
[ 1484830ms] [INFO] %cDownload the React DevTools for a better development experience: https://react.dev/link/react-devtools font-weight:bold @ http://localhost:8085/assets/index-CFAt8dW9.js:226
[ 1484831ms] [LOG] [auth] fetchCurrentUser: storedUser = null @ http://localhost:8085/assets/index-CFAt8dW9.js:235
[ 1484833ms] [ERROR] Failed to load resource: the server responded with a status of 401 (Unauthorized) @ http://localhost:8085/api/auth/verify-session:0
[ 1484841ms] [LOG] [AuthGuard] already initialized, isAuth = false @ http://localhost:8085/assets/index-CFAt8dW9.js:235
[ 1484941ms] [VERBOSE] [DOM] Input elements should have autocomplete attributes (suggested: "current-password"): (More info: https://goo.gl/9p2vKq) %o @ http://localhost:8085/login:0
