[      30ms] [INFO] %cDownload the React DevTools for a better development experience: https://react.dev/link/react-devtools font-weight:bold @ http://localhost:8085/assets/index-CFAt8dW9.js:226
[      31ms] [LOG] [auth] fetchCurrentUser: storedUser = {id: 3348a247-0672-4906-a4bc-f034d2d7cc80, email: admin@otqueue.local, name: Admin, role: admin, passwordChangeRequired: true} @ http://localhost:8085/assets/index-CFAt8dW9.js:235
[      39ms] [LOG] [AuthGuard] already initialized, isAuth = true @ http://localhost:8085/assets/index-CFAt8dW9.js:235
[     139ms] [VERBOSE] [DOM] Input elements should have autocomplete attributes (suggested: "current-password"): (More info: https://goo.gl/9p2vKq) %o @ http://localhost:8085/login:0
[   48835ms] [INFO] %cDownload the React DevTools for a better development experience: https://react.dev/link/react-devtools font-weight:bold @ http://localhost:8085/assets/index-CFAt8dW9.js:226
[   48836ms] [LOG] [auth] fetchCurrentUser: storedUser = {id: 3348a247-0672-4906-a4bc-f034d2d7cc80, email: admin@otqueue.local, name: Admin, role: admin, passwordChangeRequired: true} @ http://localhost:8085/assets/index-CFAt8dW9.js:235
[   48843ms] [LOG] [AuthGuard] already initialized, isAuth = true @ http://localhost:8085/assets/index-CFAt8dW9.js:235
[   48943ms] [VERBOSE] [DOM] Input elements should have autocomplete attributes (suggested: "current-password"): (More info: https://goo.gl/9p2vKq) %o @ http://localhost:8085/change-password:0
[   48944ms] [VERBOSE] [DOM] Input elements should have autocomplete attributes (suggested: "new-password"): (More info: https://goo.gl/9p2vKq) %o @ http://localhost:8085/change-password:0
[   48944ms] [VERBOSE] [DOM] Input elements should have autocomplete attributes (suggested: "new-password"): (More info: https://goo.gl/9p2vKq) %o @ http://localhost:8085/change-password:0
[  110635ms] [ERROR] Failed to load resource: the server responded with a status of 401 (Unauthorized) @ http://localhost:8085/api/auth/change-password:0
[  196892ms] [ERROR] Failed to load resource: the server responded with a status of 401 (Unauthorized) @ http://localhost:8085/api/auth/verify-session:0
[  285230ms] [ERROR] Failed to load resource: the server responded with a status of 401 (Unauthorized) @ http://localhost:8085/api/auth/verify-session:0
[  457373ms] [INFO] %cDownload the React DevTools for a better development experience: https://react.dev/link/react-devtools font-weight:bold @ http://localhost:8085/assets/index-CFAt8dW9.js:226
[  457374ms] [LOG] [auth] fetchCurrentUser: storedUser = {id: 3348a247-0672-4906-a4bc-f034d2d7cc80, email: admin@otqueue.local, name: Admin, role: admin, passwordChangeRequired: true} @ http://localhost:8085/assets/index-CFAt8dW9.js:235
[  457382ms] [LOG] [AuthGuard] already initialized, isAuth = true @ http://localhost:8085/assets/index-CFAt8dW9.js:235
[  457483ms] [VERBOSE] [DOM] Input elements should have autocomplete attributes (suggested: "current-password"): (More info: https://goo.gl/9p2vKq) %o @ http://localhost:8085/change-password:0
[  457483ms] [VERBOSE] [DOM] Input elements should have autocomplete attributes (suggested: "new-password"): (More info: https://goo.gl/9p2vKq) %o @ http://localhost:8085/change-password:0
[  457483ms] [VERBOSE] [DOM] Input elements should have autocomplete attributes (suggested: "new-password"): (More info: https://goo.gl/9p2vKq) %o @ http://localhost:8085/change-password:0
[  563209ms] [INFO] %cDownload the React DevTools for a better development experience: https://react.dev/link/react-devtools font-weight:bold @ http://localhost:8085/assets/index-CFAt8dW9.js:226
[  563211ms] [LOG] [auth] fetchCurrentUser: storedUser = null @ http://localhost:8085/assets/index-CFAt8dW9.js:235
[  563213ms] [ERROR] Failed to load resource: the server responded with a status of 401 (Unauthorized) @ http://localhost:8085/api/auth/verify-session:0
[  563219ms] [LOG] [AuthGuard] already initialized, isAuth = false @ http://localhost:8085/assets/index-CFAt8dW9.js:235
